
> react-kavia@0.1.0 start
> react-scripts start

Attempting to bind to HOST environment variable: 0.0.0.0
If this was unintentional, check that you haven't mistakenly set it in your shell.
Learn more here: https://cra.link/advanced-config

(node:2259) [DEP_WEBPACK_DEV_SERVER_ON_AFTER_SETUP_MIDDLEWARE] DeprecationWarning: 'onAfterSetupMiddleware' option is deprecated. Please use the 'setupMiddlewares' option.
(Use `node --trace-deprecation ...` to show where the warning was created)
(node:2259) [DEP_WEBPACK_DEV_SERVER_ON_BEFORE_SETUP_MIDDLEWARE] DeprecationWarning: 'onBeforeSetupMiddleware' option is deprecated. Please use the 'setupMiddlewares' option.
Starting the development server...

Failed to compile.

Error: It looks like you're trying to use `tailwindcss` directly as a PostCSS plugin. The PostCSS plugin has moved to a separate package, so to continue using Tailwind CSS with PostCSS you'll need to install `@tailwindcss/postcss` and update your PostCSS configuration.
ERROR in ./src/App.css (./node_modules/css-loader/dist/cjs.js??ruleSet[1].rules[1].oneOf[5].use[1]!./node_modules/postcss-loader/dist/cjs.js??ruleSet[1].rules[1].oneOf[5].use[2]!./node_modules/source-map-loader/dist/cjs.js!./src/App.css)
Module build failed (from ./node_modules/postcss-loader/dist/cjs.js):
Error: It looks like you're trying to use `tailwindcss` directly as a PostCSS plugin. The PostCSS plugin has moved to a separate package, so to continue using Tailwind CSS with PostCSS you'll need to install `@tailwindcss/postcss` and update your PostCSS configuration.
    at We (/home/kavia/workspace/code-generation/swankeyglow-landing-95643-7d0fecb8/landing_page_frontend/node_modules/tailwindcss/dist/lib.js:35:2121)
    at LazyResult.runOnRoot (/home/kavia/workspace/code-generation/swankeyglow-landing-95643-7d0fecb8/landing_page_frontend/node_modules/postcss/lib/lazy-result.js:361:16)
    at LazyResult.runAsync (/home/kavia/workspace/code-generation/swankeyglow-landing-95643-7d0fecb8/landing_page_frontend/node_modules/postcss/lib/lazy-result.js:290:26)
    at LazyResult.async (/home/kavia/workspace/code-generation/swankeyglow-landing-95643-7d0fecb8/landing_page_frontend/node_modules/postcss/lib/lazy-result.js:192:30)
    at LazyResult.then (/home/kavia/workspace/code-generation/swankeyglow-landing-95643-7d0fecb8/landing_page_frontend/node_modules/postcss/lib/lazy-result.js:436:17)

ERROR in ./src/index.css (./node_modules/css-loader/dist/cjs.js??ruleSet[1].rules[1].oneOf[5].use[1]!./node_modules/postcss-loader/dist/cjs.js??ruleSet[1].rules[1].oneOf[5].use[2]!./node_modules/source-map-loader/dist/cjs.js!./src/index.css)
Module build failed (from ./node_modules/postcss-loader/dist/cjs.js):
Error: It looks like you're trying to use `tailwindcss` directly as a PostCSS plugin. The PostCSS plugin has moved to a separate package, so to continue using Tailwind CSS with PostCSS you'll need to install `@tailwindcss/postcss` and update your PostCSS configuration.
    at We (/home/kavia/workspace/code-generation/swankeyglow-landing-95643-7d0fecb8/landing_page_frontend/node_modules/tailwindcss/dist/lib.js:35:2121)
    at LazyResult.runOnRoot (/home/kavia/workspace/code-generation/swankeyglow-landing-95643-7d0fecb8/landing_page_frontend/node_modules/postcss/lib/lazy-result.js:361:16)
    at LazyResult.runAsync (/home/kavia/workspace/code-generation/swankeyglow-landing-95643-7d0fecb8/landing_page_frontend/node_modules/postcss/lib/lazy-result.js:290:26)
    at LazyResult.async (/home/kavia/workspace/code-generation/swankeyglow-landing-95643-7d0fecb8/landing_page_frontend/node_modules/postcss/lib/lazy-result.js:192:30)
    at LazyResult.then (/home/kavia/workspace/code-generation/swankeyglow-landing-95643-7d0fecb8/landing_page_frontend/node_modules/postcss/lib/lazy-result.js:436:17)

webpack compiled with 2 errors
Compiling...
Failed to compile.

Module not found: Error: Can't resolve './components/Header' in '/home/kavia/workspace/code-generation/swankeyglow-landing-95643-7d0fecb8/landing_page_frontend/src'
ERROR in ./src/App.js 9:0-41
Module not found: Error: Can't resolve './components/Header' in '/home/kavia/workspace/code-generation/swankeyglow-landing-95643-7d0fecb8/landing_page_frontend/src'

ERROR in ./src/App.js 10:0-37
Module not found: Error: Can't resolve './components/Hero' in '/home/kavia/workspace/code-generation/swankeyglow-landing-95643-7d0fecb8/landing_page_frontend/src'

ERROR in ./src/App.js 11:0-55
Module not found: Error: Can't resolve './components/MockupSection' in '/home/kavia/workspace/code-generation/swankeyglow-landing-95643-7d0fecb8/landing_page_frontend/src'

ERROR in ./src/App.css (./node_modules/css-loader/dist/cjs.js??ruleSet[1].rules[1].oneOf[5].use[1]!./node_modules/postcss-loader/dist/cjs.js??ruleSet[1].rules[1].oneOf[5].use[2]!./node_modules/source-map-loader/dist/cjs.js!./src/App.css)
Module build failed (from ./node_modules/postcss-loader/dist/cjs.js):
Error: It looks like you're trying to use `tailwindcss` directly as a PostCSS plugin. The PostCSS plugin has moved to a separate package, so to continue using Tailwind CSS with PostCSS you'll need to install `@tailwindcss/postcss` and update your PostCSS configuration.
    at We (/home/kavia/workspace/code-generation/swankeyglow-landing-95643-7d0fecb8/landing_page_frontend/node_modules/tailwindcss/dist/lib.js:35:2121)
    at LazyResult.runOnRoot (/home/kavia/workspace/code-generation/swankeyglow-landing-95643-7d0fecb8/landing_page_frontend/node_modules/postcss/lib/lazy-result.js:361:16)
    at LazyResult.runAsync (/home/kavia/workspace/code-generation/swankeyglow-landing-95643-7d0fecb8/landing_page_frontend/node_modules/postcss/lib/lazy-result.js:290:26)
    at LazyResult.async (/home/kavia/workspace/code-generation/swankeyglow-landing-95643-7d0fecb8/landing_page_frontend/node_modules/postcss/lib/lazy-result.js:192:30)
    at LazyResult.then (/home/kavia/workspace/code-generation/swankeyglow-landing-95643-7d0fecb8/landing_page_frontend/node_modules/postcss/lib/lazy-result.js:436:17)
    at process.processTicksAndRejections (node:internal/process/task_queues:95:5)

ERROR in ./src/index.css (./node_modules/css-loader/dist/cjs.js??ruleSet[1].rules[1].oneOf[5].use[1]!./node_modules/postcss-loader/dist/cjs.js??ruleSet[1].rules[1].oneOf[5].use[2]!./node_modules/source-map-loader/dist/cjs.js!./src/index.css)
Module build failed (from ./node_modules/postcss-loader/dist/cjs.js):
Error: It looks like you're trying to use `tailwindcss` directly as a PostCSS plugin. The PostCSS plugin has moved to a separate package, so to continue using Tailwind CSS with PostCSS you'll need to install `@tailwindcss/postcss` and update your PostCSS configuration.
    at We (/home/kavia/workspace/code-generation/swankeyglow-landing-95643-7d0fecb8/landing_page_frontend/node_modules/tailwindcss/dist/lib.js:35:2121)
    at LazyResult.runOnRoot (/home/kavia/workspace/code-generation/swankeyglow-landing-95643-7d0fecb8/landing_page_frontend/node_modules/postcss/lib/lazy-result.js:361:16)
    at LazyResult.runAsync (/home/kavia/workspace/code-generation/swankeyglow-landing-95643-7d0fecb8/landing_page_frontend/node_modules/postcss/lib/lazy-result.js:290:26)
    at LazyResult.async (/home/kavia/workspace/code-generation/swankeyglow-landing-95643-7d0fecb8/landing_page_frontend/node_modules/postcss/lib/lazy-result.js:192:30)
    at LazyResult.then (/home/kavia/workspace/code-generation/swankeyglow-landing-95643-7d0fecb8/landing_page_frontend/node_modules/postcss/lib/lazy-result.js:436:17)
    at process.processTicksAndRejections (node:internal/process/task_queues:95:5)

webpack compiled with 5 errors
Compiling...
Failed to compile.

Module not found: Error: Can't resolve './components/Hero' in '/home/kavia/workspace/code-generation/swankeyglow-landing-95643-7d0fecb8/landing_page_frontend/src'
ERROR in ./src/App.js 10:0-37
Module not found: Error: Can't resolve './components/Hero' in '/home/kavia/workspace/code-generation/swankeyglow-landing-95643-7d0fecb8/landing_page_frontend/src'

ERROR in ./src/App.js 11:0-55
Module not found: Error: Can't resolve './components/MockupSection' in '/home/kavia/workspace/code-generation/swankeyglow-landing-95643-7d0fecb8/landing_page_frontend/src'

ERROR in ./src/App.css (./node_modules/css-loader/dist/cjs.js??ruleSet[1].rules[1].oneOf[5].use[1]!./node_modules/postcss-loader/dist/cjs.js??ruleSet[1].rules[1].oneOf[5].use[2]!./node_modules/source-map-loader/dist/cjs.js!./src/App.css)
Module build failed (from ./node_modules/postcss-loader/dist/cjs.js):
Error: It looks like you're trying to use `tailwindcss` directly as a PostCSS plugin. The PostCSS plugin has moved to a separate package, so to continue using Tailwind CSS with PostCSS you'll need to install `@tailwindcss/postcss` and update your PostCSS configuration.
    at We (/home/kavia/workspace/code-generation/swankeyglow-landing-95643-7d0fecb8/landing_page_frontend/node_modules/tailwindcss/dist/lib.js:35:2121)
    at LazyResult.runOnRoot (/home/kavia/workspace/code-generation/swankeyglow-landing-95643-7d0fecb8/landing_page_frontend/node_modules/postcss/lib/lazy-result.js:361:16)
    at LazyResult.runAsync (/home/kavia/workspace/code-generation/swankeyglow-landing-95643-7d0fecb8/landing_page_frontend/node_modules/postcss/lib/lazy-result.js:290:26)
    at LazyResult.async (/home/kavia/workspace/code-generation/swankeyglow-landing-95643-7d0fecb8/landing_page_frontend/node_modules/postcss/lib/lazy-result.js:192:30)
    at LazyResult.then (/home/kavia/workspace/code-generation/swankeyglow-landing-95643-7d0fecb8/landing_page_frontend/node_modules/postcss/lib/lazy-result.js:436:17)
    at process.processTicksAndRejections (node:internal/process/task_queues:95:5)

ERROR in ./src/index.css (./node_modules/css-loader/dist/cjs.js??ruleSet[1].rules[1].oneOf[5].use[1]!./node_modules/postcss-loader/dist/cjs.js??ruleSet[1].rules[1].oneOf[5].use[2]!./node_modules/source-map-loader/dist/cjs.js!./src/index.css)
Module build failed (from ./node_modules/postcss-loader/dist/cjs.js):
Error: It looks like you're trying to use `tailwindcss` directly as a PostCSS plugin. The PostCSS plugin has moved to a separate package, so to continue using Tailwind CSS with PostCSS you'll need to install `@tailwindcss/postcss` and update your PostCSS configuration.
    at We (/home/kavia/workspace/code-generation/swankeyglow-landing-95643-7d0fecb8/landing_page_frontend/node_modules/tailwindcss/dist/lib.js:35:2121)
    at LazyResult.runOnRoot (/home/kavia/workspace/code-generation/swankeyglow-landing-95643-7d0fecb8/landing_page_frontend/node_modules/postcss/lib/lazy-result.js:361:16)
    at LazyResult.runAsync (/home/kavia/workspace/code-generation/swankeyglow-landing-95643-7d0fecb8/landing_page_frontend/node_modules/postcss/lib/lazy-result.js:290:26)
    at LazyResult.async (/home/kavia/workspace/code-generation/swankeyglow-landing-95643-7d0fecb8/landing_page_frontend/node_modules/postcss/lib/lazy-result.js:192:30)
    at LazyResult.then (/home/kavia/workspace/code-generation/swankeyglow-landing-95643-7d0fecb8/landing_page_frontend/node_modules/postcss/lib/lazy-result.js:436:17)
    at process.processTicksAndRejections (node:internal/process/task_queues:95:5)

webpack compiled with 4 errors
Compiling...
Failed to compile.

Module not found: Error: Can't resolve './components/MockupSection' in '/home/kavia/workspace/code-generation/swankeyglow-landing-95643-7d0fecb8/landing_page_frontend/src'
ERROR in ./src/App.js 11:0-55
Module not found: Error: Can't resolve './components/MockupSection' in '/home/kavia/workspace/code-generation/swankeyglow-landing-95643-7d0fecb8/landing_page_frontend/src'

ERROR in ./src/App.css (./node_modules/css-loader/dist/cjs.js??ruleSet[1].rules[1].oneOf[5].use[1]!./node_modules/postcss-loader/dist/cjs.js??ruleSet[1].rules[1].oneOf[5].use[2]!./node_modules/source-map-loader/dist/cjs.js!./src/App.css)
Module build failed (from ./node_modules/postcss-loader/dist/cjs.js):
Error: It looks like you're trying to use `tailwindcss` directly as a PostCSS plugin. The PostCSS plugin has moved to a separate package, so to continue using Tailwind CSS with PostCSS you'll need to install `@tailwindcss/postcss` and update your PostCSS configuration.
    at We (/home/kavia/workspace/code-generation/swankeyglow-landing-95643-7d0fecb8/landing_page_frontend/node_modules/tailwindcss/dist/lib.js:35:2121)
    at LazyResult.runOnRoot (/home/kavia/workspace/code-generation/swankeyglow-landing-95643-7d0fecb8/landing_page_frontend/node_modules/postcss/lib/lazy-result.js:361:16)
    at LazyResult.runAsync (/home/kavia/workspace/code-generation/swankeyglow-landing-95643-7d0fecb8/landing_page_frontend/node_modules/postcss/lib/lazy-result.js:290:26)
    at LazyResult.async (/home/kavia/workspace/code-generation/swankeyglow-landing-95643-7d0fecb8/landing_page_frontend/node_modules/postcss/lib/lazy-result.js:192:30)
    at LazyResult.then (/home/kavia/workspace/code-generation/swankeyglow-landing-95643-7d0fecb8/landing_page_frontend/node_modules/postcss/lib/lazy-result.js:436:17)
    at process.processTicksAndRejections (node:internal/process/task_queues:95:5)

ERROR in ./src/index.css (./node_modules/css-loader/dist/cjs.js??ruleSet[1].rules[1].oneOf[5].use[1]!./node_modules/postcss-loader/dist/cjs.js??ruleSet[1].rules[1].oneOf[5].use[2]!./node_modules/source-map-loader/dist/cjs.js!./src/index.css)
Module build failed (from ./node_modules/postcss-loader/dist/cjs.js):
Error: It looks like you're trying to use `tailwindcss` directly as a PostCSS plugin. The PostCSS plugin has moved to a separate package, so to continue using Tailwind CSS with PostCSS you'll need to install `@tailwindcss/postcss` and update your PostCSS configuration.
    at We (/home/kavia/workspace/code-generation/swankeyglow-landing-95643-7d0fecb8/landing_page_frontend/node_modules/tailwindcss/dist/lib.js:35:2121)
    at LazyResult.runOnRoot (/home/kavia/workspace/code-generation/swankeyglow-landing-95643-7d0fecb8/landing_page_frontend/node_modules/postcss/lib/lazy-result.js:361:16)
    at LazyResult.runAsync (/home/kavia/workspace/code-generation/swankeyglow-landing-95643-7d0fecb8/landing_page_frontend/node_modules/postcss/lib/lazy-result.js:290:26)
    at LazyResult.async (/home/kavia/workspace/code-generation/swankeyglow-landing-95643-7d0fecb8/landing_page_frontend/node_modules/postcss/lib/lazy-result.js:192:30)
    at LazyResult.then (/home/kavia/workspace/code-generation/swankeyglow-landing-95643-7d0fecb8/landing_page_frontend/node_modules/postcss/lib/lazy-result.js:436:17)
    at process.processTicksAndRejections (node:internal/process/task_queues:95:5)

webpack compiled with 3 errors
Compiling...
Failed to compile.

Error: It looks like you're trying to use `tailwindcss` directly as a PostCSS plugin. The PostCSS plugin has moved to a separate package, so to continue using Tailwind CSS with PostCSS you'll need to install `@tailwindcss/postcss` and update your PostCSS configuration.
ERROR in ./src/App.css (./node_modules/css-loader/dist/cjs.js??ruleSet[1].rules[1].oneOf[5].use[1]!./node_modules/postcss-loader/dist/cjs.js??ruleSet[1].rules[1].oneOf[5].use[2]!./node_modules/source-map-loader/dist/cjs.js!./src/App.css)
Module build failed (from ./node_modules/postcss-loader/dist/cjs.js):
Error: It looks like you're trying to use `tailwindcss` directly as a PostCSS plugin. The PostCSS plugin has moved to a separate package, so to continue using Tailwind CSS with PostCSS you'll need to install `@tailwindcss/postcss` and update your PostCSS configuration.
    at We (/home/kavia/workspace/code-generation/swankeyglow-landing-95643-7d0fecb8/landing_page_frontend/node_modules/tailwindcss/dist/lib.js:35:2121)
    at LazyResult.runOnRoot (/home/kavia/workspace/code-generation/swankeyglow-landing-95643-7d0fecb8/landing_page_frontend/node_modules/postcss/lib/lazy-result.js:361:16)
    at LazyResult.runAsync (/home/kavia/workspace/code-generation/swankeyglow-landing-95643-7d0fecb8/landing_page_frontend/node_modules/postcss/lib/lazy-result.js:290:26)
    at LazyResult.async (/home/kavia/workspace/code-generation/swankeyglow-landing-95643-7d0fecb8/landing_page_frontend/node_modules/postcss/lib/lazy-result.js:192:30)
    at LazyResult.then (/home/kavia/workspace/code-generation/swankeyglow-landing-95643-7d0fecb8/landing_page_frontend/node_modules/postcss/lib/lazy-result.js:436:17)
    at process.processTicksAndRejections (node:internal/process/task_queues:95:5)

ERROR in ./src/index.css (./node_modules/css-loader/dist/cjs.js??ruleSet[1].rules[1].oneOf[5].use[1]!./node_modules/postcss-loader/dist/cjs.js??ruleSet[1].rules[1].oneOf[5].use[2]!./node_modules/source-map-loader/dist/cjs.js!./src/index.css)
Module build failed (from ./node_modules/postcss-loader/dist/cjs.js):
Error: It looks like you're trying to use `tailwindcss` directly as a PostCSS plugin. The PostCSS plugin has moved to a separate package, so to continue using Tailwind CSS with PostCSS you'll need to install `@tailwindcss/postcss` and update your PostCSS configuration.
    at We (/home/kavia/workspace/code-generation/swankeyglow-landing-95643-7d0fecb8/landing_page_frontend/node_modules/tailwindcss/dist/lib.js:35:2121)
    at LazyResult.runOnRoot (/home/kavia/workspace/code-generation/swankeyglow-landing-95643-7d0fecb8/landing_page_frontend/node_modules/postcss/lib/lazy-result.js:361:16)
    at LazyResult.runAsync (/home/kavia/workspace/code-generation/swankeyglow-landing-95643-7d0fecb8/landing_page_frontend/node_modules/postcss/lib/lazy-result.js:290:26)
    at LazyResult.async (/home/kavia/workspace/code-generation/swankeyglow-landing-95643-7d0fecb8/landing_page_frontend/node_modules/postcss/lib/lazy-result.js:192:30)
    at LazyResult.then (/home/kavia/workspace/code-generation/swankeyglow-landing-95643-7d0fecb8/landing_page_frontend/node_modules/postcss/lib/lazy-result.js:436:17)
    at process.processTicksAndRejections (node:internal/process/task_queues:95:5)

webpack compiled with 2 errors
Compiling...
Failed to compile.

Error: It looks like you're trying to use `tailwindcss` directly as a PostCSS plugin. The PostCSS plugin has moved to a separate package, so to continue using Tailwind CSS with PostCSS you'll need to install `@tailwindcss/postcss` and update your PostCSS configuration.
ERROR in ./src/App.css (./node_modules/css-loader/dist/cjs.js??ruleSet[1].rules[1].oneOf[5].use[1]!./node_modules/postcss-loader/dist/cjs.js??ruleSet[1].rules[1].oneOf[5].use[2]!./node_modules/source-map-loader/dist/cjs.js!./src/App.css)
Module build failed (from ./node_modules/postcss-loader/dist/cjs.js):
Error: It looks like you're trying to use `tailwindcss` directly as a PostCSS plugin. The PostCSS plugin has moved to a separate package, so to continue using Tailwind CSS with PostCSS you'll need to install `@tailwindcss/postcss` and update your PostCSS configuration.
    at We (/home/kavia/workspace/code-generation/swankeyglow-landing-95643-7d0fecb8/landing_page_frontend/node_modules/tailwindcss/dist/lib.js:35:2121)
    at LazyResult.runOnRoot (/home/kavia/workspace/code-generation/swankeyglow-landing-95643-7d0fecb8/landing_page_frontend/node_modules/postcss/lib/lazy-result.js:361:16)
    at LazyResult.runAsync (/home/kavia/workspace/code-generation/swankeyglow-landing-95643-7d0fecb8/landing_page_frontend/node_modules/postcss/lib/lazy-result.js:290:26)
    at LazyResult.async (/home/kavia/workspace/code-generation/swankeyglow-landing-95643-7d0fecb8/landing_page_frontend/node_modules/postcss/lib/lazy-result.js:192:30)
    at LazyResult.then (/home/kavia/workspace/code-generation/swankeyglow-landing-95643-7d0fecb8/landing_page_frontend/node_modules/postcss/lib/lazy-result.js:436:17)

ERROR in ./src/index.css (./node_modules/css-loader/dist/cjs.js??ruleSet[1].rules[1].oneOf[5].use[1]!./node_modules/postcss-loader/dist/cjs.js??ruleSet[1].rules[1].oneOf[5].use[2]!./node_modules/source-map-loader/dist/cjs.js!./src/index.css)
Module build failed (from ./node_modules/postcss-loader/dist/cjs.js):
Error: It looks like you're trying to use `tailwindcss` directly as a PostCSS plugin. The PostCSS plugin has moved to a separate package, so to continue using Tailwind CSS with PostCSS you'll need to install `@tailwindcss/postcss` and update your PostCSS configuration.
    at We (/home/kavia/workspace/code-generation/swankeyglow-landing-95643-7d0fecb8/landing_page_frontend/node_modules/tailwindcss/dist/lib.js:35:2121)
    at LazyResult.runOnRoot (/home/kavia/workspace/code-generation/swankeyglow-landing-95643-7d0fecb8/landing_page_frontend/node_modules/postcss/lib/lazy-result.js:361:16)
    at LazyResult.runAsync (/home/kavia/workspace/code-generation/swankeyglow-landing-95643-7d0fecb8/landing_page_frontend/node_modules/postcss/lib/lazy-result.js:290:26)
    at LazyResult.async (/home/kavia/workspace/code-generation/swankeyglow-landing-95643-7d0fecb8/landing_page_frontend/node_modules/postcss/lib/lazy-result.js:192:30)
    at LazyResult.then (/home/kavia/workspace/code-generation/swankeyglow-landing-95643-7d0fecb8/landing_page_frontend/node_modules/postcss/lib/lazy-result.js:436:17)

webpack compiled with 2 errors
Compiling...
Failed to compile.

Error: It looks like you're trying to use `tailwindcss` directly as a PostCSS plugin. The PostCSS plugin has moved to a separate package, so to continue using Tailwind CSS with PostCSS you'll need to install `@tailwindcss/postcss` and update your PostCSS configuration.
ERROR in ./src/App.css (./node_modules/css-loader/dist/cjs.js??ruleSet[1].rules[1].oneOf[5].use[1]!./node_modules/postcss-loader/dist/cjs.js??ruleSet[1].rules[1].oneOf[5].use[2]!./node_modules/source-map-loader/dist/cjs.js!./src/App.css)
Module build failed (from ./node_modules/postcss-loader/dist/cjs.js):
Error: It looks like you're trying to use `tailwindcss` directly as a PostCSS plugin. The PostCSS plugin has moved to a separate package, so to continue using Tailwind CSS with PostCSS you'll need to install `@tailwindcss/postcss` and update your PostCSS configuration.
    at We (/home/kavia/workspace/code-generation/swankeyglow-landing-95643-7d0fecb8/landing_page_frontend/node_modules/tailwindcss/dist/lib.js:35:2121)
    at LazyResult.runOnRoot (/home/kavia/workspace/code-generation/swankeyglow-landing-95643-7d0fecb8/landing_page_frontend/node_modules/postcss/lib/lazy-result.js:361:16)
    at LazyResult.runAsync (/home/kavia/workspace/code-generation/swankeyglow-landing-95643-7d0fecb8/landing_page_frontend/node_modules/postcss/lib/lazy-result.js:290:26)
    at LazyResult.async (/home/kavia/workspace/code-generation/swankeyglow-landing-95643-7d0fecb8/landing_page_frontend/node_modules/postcss/lib/lazy-result.js:192:30)
    at LazyResult.then (/home/kavia/workspace/code-generation/swankeyglow-landing-95643-7d0fecb8/landing_page_frontend/node_modules/postcss/lib/lazy-result.js:436:17)
    at processTicksAndRejections (node:internal/process/task_queues:95:5)
    at runNextTicks (node:internal/process/task_queues:64:3)
    at process.processImmediate (node:internal/timers:447:9)

ERROR in ./src/index.css (./node_modules/css-loader/dist/cjs.js??ruleSet[1].rules[1].oneOf[5].use[1]!./node_modules/postcss-loader/dist/cjs.js??ruleSet[1].rules[1].oneOf[5].use[2]!./node_modules/source-map-loader/dist/cjs.js!./src/index.css)
Module build failed (from ./node_modules/postcss-loader/dist/cjs.js):
Error: It looks like you're trying to use `tailwindcss` directly as a PostCSS plugin. The PostCSS plugin has moved to a separate package, so to continue using Tailwind CSS with PostCSS you'll need to install `@tailwindcss/postcss` and update your PostCSS configuration.
    at We (/home/kavia/workspace/code-generation/swankeyglow-landing-95643-7d0fecb8/landing_page_frontend/node_modules/tailwindcss/dist/lib.js:35:2121)
    at LazyResult.runOnRoot (/home/kavia/workspace/code-generation/swankeyglow-landing-95643-7d0fecb8/landing_page_frontend/node_modules/postcss/lib/lazy-result.js:361:16)
    at LazyResult.runAsync (/home/kavia/workspace/code-generation/swankeyglow-landing-95643-7d0fecb8/landing_page_frontend/node_modules/postcss/lib/lazy-result.js:290:26)
    at LazyResult.async (/home/kavia/workspace/code-generation/swankeyglow-landing-95643-7d0fecb8/landing_page_frontend/node_modules/postcss/lib/lazy-result.js:192:30)
    at LazyResult.then (/home/kavia/workspace/code-generation/swankeyglow-landing-95643-7d0fecb8/landing_page_frontend/node_modules/postcss/lib/lazy-result.js:436:17)
    at process.processTicksAndRejections (node:internal/process/task_queues:95:5)

webpack compiled with 2 errors
